../../../../../../../Drivers/CMSIS/Include/core_cm4.h:1933:34:__NVIC_SystemReset	0	static,ignoring_inline_asm
C:/en.stm32cubewl-v1-3-0 (1)/STM32Cube_FW_WL_V1.3.0/Projects/NUCLEO-WL55JC/Applications/LoRaWAN/LoRaWAN_End_Node/LoRaWAN/App/lora_app.c:790:13:OnSysTimeUpdate	0	static
C:/en.stm32cubewl-v1-3-0 (1)/STM32Cube_FW_WL_V1.3.0/Projects/NUCLEO-WL55JC/Applications/LoRaWAN/LoRaWAN_End_Node/LoRaWAN/App/lora_app.c:838:13:OnTxFrameCtrlChanged	0	static
C:/en.stm32cubewl-v1-3-0 (1)/STM32Cube_FW_WL_V1.3.0/Projects/NUCLEO-WL55JC/Applications/LoRaWAN/LoRaWAN_End_Node/LoRaWAN/App/lora_app.c:849:13:OnPingSlotPeriodicityChanged	0	static
C:/en.stm32cubewl-v1-3-0 (1)/STM32Cube_FW_WL_V1.3.0/Projects/NUCLEO-WL55JC/Applications/LoRaWAN/LoRaWAN_End_Node/LoRaWAN/App/lora_app.c:755:13:OnBeaconStatusChange	72	static
C:/en.stm32cubewl-v1-3-0 (1)/STM32Cube_FW_WL_V1.3.0/Projects/NUCLEO-WL55JC/Applications/LoRaWAN/LoRaWAN_End_Node/LoRaWAN/App/lora_app.c:797:13:OnClassChange	16	static
C:/en.stm32cubewl-v1-3-0 (1)/STM32Cube_FW_WL_V1.3.0/Projects/NUCLEO-WL55JC/Applications/LoRaWAN/LoRaWAN_End_Node/LoRaWAN/App/lora_app.c:949:13:OnNvmDataChange	8	static
C:/en.stm32cubewl-v1-3-0 (1)/STM32Cube_FW_WL_V1.3.0/Projects/NUCLEO-WL55JC/Applications/LoRaWAN/LoRaWAN_End_Node/LoRaWAN/App/lora_app.c:664:13:OnTxTimerEvent	8	static
C:/en.stm32cubewl-v1-3-0 (1)/STM32Cube_FW_WL_V1.3.0/Projects/NUCLEO-WL55JC/Applications/LoRaWAN/LoRaWAN_End_Node/LoRaWAN/App/lora_app.c:804:13:OnMacProcessNotify	8	static
C:/en.stm32cubewl-v1-3-0 (1)/STM32Cube_FW_WL_V1.3.0/Projects/NUCLEO-WL55JC/Applications/LoRaWAN/LoRaWAN_End_Node/LoRaWAN/App/lora_app.c:860:13:OnSystemReset	8	static
C:/en.stm32cubewl-v1-3-0 (1)/STM32Cube_FW_WL_V1.3.0/Projects/NUCLEO-WL55JC/Applications/LoRaWAN/LoRaWAN_End_Node/LoRaWAN/App/lora_app.c:816:13:OnTxPeriodicityChanged	8	static
C:/en.stm32cubewl-v1-3-0 (1)/STM32Cube_FW_WL_V1.3.0/Projects/NUCLEO-WL55JC/Applications/LoRaWAN/LoRaWAN_End_Node/LoRaWAN/App/lora_app.c:696:13:OnTxData	24	static
C:/en.stm32cubewl-v1-3-0 (1)/STM32Cube_FW_WL_V1.3.0/Projects/NUCLEO-WL55JC/Applications/LoRaWAN/LoRaWAN_End_Node/LoRaWAN/App/lora_app.c:725:13:OnJoinRequest	16	static
C:/en.stm32cubewl-v1-3-0 (1)/STM32Cube_FW_WL_V1.3.0/Projects/NUCLEO-WL55JC/Applications/LoRaWAN/LoRaWAN_End_Node/LoRaWAN/App/lora_app.c:911:13:OnStopJoinTimerEvent	8	static
C:/en.stm32cubewl-v1-3-0 (1)/STM32Cube_FW_WL_V1.3.0/Projects/NUCLEO-WL55JC/Applications/LoRaWAN/LoRaWAN_End_Node/LoRaWAN/App/lora_app.c:684:13:OnRxTimerLedEvent	8	static
C:/en.stm32cubewl-v1-3-0 (1)/STM32Cube_FW_WL_V1.3.0/Projects/NUCLEO-WL55JC/Applications/LoRaWAN/LoRaWAN_End_Node/LoRaWAN/App/lora_app.c:679:13:OnTxTimerLedEvent	8	static
C:/en.stm32cubewl-v1-3-0 (1)/STM32Cube_FW_WL_V1.3.0/Projects/NUCLEO-WL55JC/Applications/LoRaWAN/LoRaWAN_End_Node/LoRaWAN/App/lora_app.c:470:13:OnRxData	40	static
C:/en.stm32cubewl-v1-3-0 (1)/STM32Cube_FW_WL_V1.3.0/Projects/NUCLEO-WL55JC/Applications/LoRaWAN/LoRaWAN_End_Node/LoRaWAN/App/lora_app.c:967:13:OnStoreContextRequest	16	static
C:/en.stm32cubewl-v1-3-0 (1)/STM32Cube_FW_WL_V1.3.0/Projects/NUCLEO-WL55JC/Applications/LoRaWAN/LoRaWAN_End_Node/LoRaWAN/App/lora_app.c:982:13:OnRestoreContextRequest	8	static
C:/en.stm32cubewl-v1-3-0 (1)/STM32Cube_FW_WL_V1.3.0/Projects/NUCLEO-WL55JC/Applications/LoRaWAN/LoRaWAN_End_Node/LoRaWAN/App/lora_app.c:874:13:StopJoin	16	static
C:/en.stm32cubewl-v1-3-0 (1)/STM32Cube_FW_WL_V1.3.0/Projects/NUCLEO-WL55JC/Applications/LoRaWAN/LoRaWAN_End_Node/LoRaWAN/App/lora_app.c:927:13:StoreContext	8	static
C:/en.stm32cubewl-v1-3-0 (1)/STM32Cube_FW_WL_V1.3.0/Projects/NUCLEO-WL55JC/Applications/LoRaWAN/LoRaWAN_End_Node/LoRaWAN/App/lora_app.c:550:13:SendTxData	56	static
C:/en.stm32cubewl-v1-3-0 (1)/STM32Cube_FW_WL_V1.3.0/Projects/NUCLEO-WL55JC/Applications/LoRaWAN/LoRaWAN_End_Node/LoRaWAN/App/lora_app.c:689:13:OnJoinTimerLedEvent	8	static
C:/en.stm32cubewl-v1-3-0 (1)/STM32Cube_FW_WL_V1.3.0/Projects/NUCLEO-WL55JC/Applications/LoRaWAN/LoRaWAN_End_Node/LoRaWAN/App/lora_app.c:349:6:LoRaWAN_Init	48	static
C:/en.stm32cubewl-v1-3-0 (1)/STM32Cube_FW_WL_V1.3.0/Projects/NUCLEO-WL55JC/Applications/LoRaWAN/LoRaWAN_End_Node/LoRaWAN/App/lora_app.c:444:6:HAL_GPIO_EXTI_Callback	8	static
